<html>
<body>
<pre>
<h1>µVision Build Log</h1>
<h2>Project:</h2>
D:\Workspace\STM32\Desko\MDK-ARM\Desko.uvproj
Project File Date:  03/18/2018

<h2>Output:</h2>
Build target 'Desko'
linking...
Program Size: Code=4512 RO-data=292 RW-data=16 ZI-data=1048  
"Desko\Desko.axf" - 0 Error(s), 0 Warning(s).
Load "Desko\\Desko.axf" 
Erase Done.
Programming Done.
Verify OK.
Application running ...
Load "Desko\\Desko.axf" 
Erase Done.
Programming Done.
Verify OK.
Application running ...
Load "Desko\\Desko.axf" 
Erase Done.
Programming Done.
Verify OK.
Application running ...
g stm32f1xx_hal_rtc_ex.c...
compiling stm32f1xx_hal_flash.c...
compiling stm32f1xx_hal_gpio.c...
compiling stm32f1xx_hal_gpio_ex.c...
compiling stm32f1xx_hal_dma.c...
compiling stm32f1xx_hal_rcc.c...
compiling stm32f1xx_hal_cortex.c...
linking...
Program Size: Code=4512 RO-data=292 RW-data=16 ZI-data=1048  
"Desko\Desko.axf" - 0 Error(s), 0 Warning(s).
